spider-man is a web crawling CLI tool for Go.

Usage:
  spider-man [command]

Available Commands:
  crawl       Crawl a domain
  help        Help about any command

Flags:
  -h, --help   help for spider-man

Use "spider-man [command] --help" for more information about a command.
